3
0
3
0
0
1
0
2
0
1
3
0
0
1
0
2
0
2
3
0
3
0
1
2
1
3
0
1
2
2
3
0
1
2
